{
    "Params: default - stub": {
        "content": [
            4,
            {
                "BCFTOOLS_REHEADER": {
                    "bcftools": 1.2
                },
                "TABIX_TABIX": {
                    "tabix": 1.2
                },
                "VCF2MAT": {
                    "vcf2counts.R": "1.0.0"
                },
                "Workflow": {
                    "qbic-pipelines/vcftomat": "v1.1.0dev"
                }
            },
            [
                "bcftools",
                "bcftools/reheader",
                "bcftools/reheader/chr22.reheader.vcf.gz",
                "bcftools/reheader/chr22.reheader.vcf.gz.tbi",
                "bcftools/reheader/versions.yml",
                "multiqc",
                "multiqc/multiqc_data",
                "multiqc/multiqc_plots",
                "multiqc/multiqc_report.html",
                "pipeline_info",
                "pipeline_info/vcftomat_software_mqc_versions.yml",
                "tabix",
                "tabix/NA12878.chr22.1X.vcf.gz.csi",
                "tabix/NA12878.chr22.1X.vcf.gz.tbi",
                "vcf2mat",
                "vcf2mat/chr22.csv"
            ],
            [
                "versions.yml:md5,c030f20e1b02bd49b0a4ec369f5b4429",
                "chr22.csv:md5,d41d8cd98f00b204e9800998ecf8427e"
            ],
            [
                "chr22.reheader.vcf.gz:md5,68b329da9893e34099c7d8ad5cb9c940"
            ]
        ],
        "meta": {
            "nf-test": "0.9.2",
            "nextflow": "24.10.2"
        },
        "timestamp": "2024-12-20T12:10:59.547851"
    },
    "Params: default": {
        "content": [
            4,
            {
                "BCFTOOLS_REHEADER": {
                    "bcftools": 1.2
                },
                "TABIX_TABIX": {
                    "tabix": 1.2
                },
                "VCF2MAT": {
                    "vcf2counts.R": "1.0.0"
                },
                "Workflow": {
                    "qbic-pipelines/vcftomat": "v1.1.0dev"
                }
            },
            [
                "bcftools",
                "bcftools/reheader",
                "bcftools/reheader/chr22.reheader.vcf.gz",
                "bcftools/reheader/chr22.reheader.vcf.gz.tbi",
                "bcftools/reheader/versions.yml",
                "multiqc",
                "multiqc/multiqc_data",
                "multiqc/multiqc_data/multiqc.log",
                "multiqc/multiqc_data/multiqc_citations.txt",
                "multiqc/multiqc_data/multiqc_data.json",
                "multiqc/multiqc_data/multiqc_software_versions.txt",
                "multiqc/multiqc_data/multiqc_sources.txt",
                "multiqc/multiqc_report.html",
                "pipeline_info",
                "pipeline_info/vcftomat_software_mqc_versions.yml",
                "tabix",
                "tabix/NA12878.chr22.1X.vcf.gz.tbi",
                "vcf2mat",
                "vcf2mat/chr22.csv"
            ],
            [
                "versions.yml:md5,c030f20e1b02bd49b0a4ec369f5b4429",
                "multiqc_citations.txt:md5,4c806e63a283ec1b7e78cdae3a923d4f",
                "chr22.csv:md5,06c743150691cd38f4a2caf65ca6c115"
            ],
            [
                "chr22.reheader.vcf.gz:md5,11558863c409ca2d6278e699cd5fde1a"
            ]
        ],
        "meta": {
            "nf-test": "0.9.2",
            "nextflow": "24.10.2"
        },
        "timestamp": "2024-12-20T12:10:25.903469"
    }
}