{
    "Params: default | input full-size": {
        "content": [
            23,
            {
                "BCFTOOLS_CONCAT": {
                    "bcftools": 1.2
                },
                "BCFTOOLS_MERGE": {
                    "bcftools": 1.2
                },
                "BCFTOOLS_REHEADER": {
                    "bcftools": 1.2
                },
                "GATK4_GENOTYPEGVCFS": {
                    "gatk4": "4.6.1.0"
                },
                "TABIX_TABIX": {
                    "tabix": 1.2
                },
                "VCF2MAT": {
                    "vcf2counts.R": "1.0.0"
                },
                "Workflow": {
                    "qbic-pipelines/vcftomat": "v1.1.0dev"
                }
            },
            [
                "bcftools",
                "bcftools/concat",
                "bcftools/concat/concat.concat.vcf.gz",
                "bcftools/concat/concat.concat.vcf.gz.tbi",
                "bcftools/concat/versions.yml",
                "bcftools/merge",
                "bcftools/merge/indexed_merge.merge.vcf.gz",
                "bcftools/merge/indexed_merge.merge.vcf.gz.tbi",
                "bcftools/merge/toindex_concat_merge.merge.vcf.gz",
                "bcftools/merge/toindex_concat_merge.merge.vcf.gz.tbi",
                "bcftools/merge/toindex_gvcf_merge.merge.vcf.gz",
                "bcftools/merge/toindex_gvcf_merge.merge.vcf.gz.tbi",
                "bcftools/merge/versions.yml",
                "bcftools/reheader",
                "bcftools/reheader/callerA.reheader.vcf.gz",
                "bcftools/reheader/callerA.reheader.vcf.gz.tbi",
                "bcftools/reheader/callerB.reheader.vcf.gz",
                "bcftools/reheader/callerB.reheader.vcf.gz.tbi",
                "bcftools/reheader/concat.reheader.vcf.gz",
                "bcftools/reheader/concat.reheader.vcf.gz.tbi",
                "bcftools/reheader/empty.reheader.vcf.gz",
                "bcftools/reheader/empty.reheader.vcf.gz.tbi",
                "bcftools/reheader/merge.reheader.vcf.gz",
                "bcftools/reheader/merge.reheader.vcf.gz.tbi",
                "bcftools/reheader/versions.yml",
                "gatk4",
                "gatk4/test.vcf.gz",
                "gatk4/test.vcf.gz.tbi",
                "gatk4/test2.vcf.gz",
                "gatk4/test2.vcf.gz.tbi",
                "multiqc",
                "multiqc/multiqc_data",
                "multiqc/multiqc_data/multiqc.log",
                "multiqc/multiqc_data/multiqc_citations.txt",
                "multiqc/multiqc_data/multiqc_data.json",
                "multiqc/multiqc_data/multiqc_software_versions.txt",
                "multiqc/multiqc_data/multiqc_sources.txt",
                "multiqc/multiqc_report.html",
                "pipeline_info",
                "pipeline_info/vcftomat_software_mqc_versions.yml",
                "tabix",
                "tabix/NA12878.chr22.1X.vcf.gz.tbi",
                "tabix/NA12878_GIAB.chr22.vcf.gz.tbi",
                "tabix/NA24385_sv.vcf.gz.tbi",
                "tabix/test.genome.g.vcf.gz.tbi",
                "tabix/test2.genome.vcf.gz.tbi",
                "vcf2mat",
                "vcf2mat/empty.csv",
                "vcf2mat/indexed_merge.csv",
                "vcf2mat/toindex_concat_merge.csv",
                "vcf2mat/toindex_gvcf_merge.csv"
            ],
            [
                "versions.yml:md5,8e4cc1068ff64a583811f3e3bd8a4771",
                "versions.yml:md5,0567f354f7d4ddac23b392f94e760ea2",
                "versions.yml:md5,c030f20e1b02bd49b0a4ec369f5b4429",
                "multiqc_citations.txt:md5,4c806e63a283ec1b7e78cdae3a923d4f",
                "empty.csv:md5,1bd32757621943a049881f0f99e4a2c4",
                "indexed_merge.csv:md5,b59aae2be818fd1ddc1fb3b9e8e8e89b",
                "toindex_gvcf_merge.csv:md5,bb0cc37d7f55f611a8d0f11c4d80dece"
            ],
            [
                "indexed_merge.merge.vcf.gz:md5,5089e377e380c78d3ff29a8d36db14dd",
                "toindex_gvcf_merge.merge.vcf.gz:md5,6f6b4664d06ccb50ceead526cec7aa0d",
                "callerA.reheader.vcf.gz:md5,16b9e984ed9af8f4d147900f9b8e0bee",
                "callerB.reheader.vcf.gz:md5,9faa7fb1a37a48c4444b498e39ca4c01",
                "empty.reheader.vcf.gz:md5,d41d8cd98f00b204e9800998ecf8427e",
                "merge.reheader.vcf.gz:md5,9faa7fb1a37a48c4444b498e39ca4c01",
                "test.vcf.gz:md5,1ab95fbc5ec55b208f3001572bec54fa",
                "test2.vcf.gz:md5,4046f52f4ea6616b7295c7f16b987710"
            ]
        ],
        "meta": {
            "nf-test": "0.9.2",
            "nextflow": "24.10.2"
        },
        "timestamp": "2024-12-20T12:11:20.624762"
    },
    "Params: default | input full-size - stub": {
        "content": [
            23,
            {
                "BCFTOOLS_CONCAT": {
                    "bcftools": 1.2
                },
                "BCFTOOLS_MERGE": {
                    "bcftools": 1.2
                },
                "BCFTOOLS_REHEADER": {
                    "bcftools": 1.2
                },
                "GATK4_GENOTYPEGVCFS": {
                    "gatk4": "4.6.1.0"
                },
                "TABIX_TABIX": {
                    "tabix": 1.2
                },
                "VCF2MAT": {
                    "vcf2counts.R": "1.0.0"
                },
                "Workflow": {
                    "qbic-pipelines/vcftomat": "v1.1.0dev"
                }
            },
            [
                "bcftools",
                "bcftools/concat",
                "bcftools/concat/concat.concat.vcf.gz",
                "bcftools/concat/concat.concat.vcf.gz.tbi",
                "bcftools/concat/versions.yml",
                "bcftools/merge",
                "bcftools/merge/indexed_merge.merge.vcf.gz",
                "bcftools/merge/indexed_merge.merge.vcf.gz.tbi",
                "bcftools/merge/toindex_concat_merge.merge.vcf.gz",
                "bcftools/merge/toindex_concat_merge.merge.vcf.gz.tbi",
                "bcftools/merge/toindex_gvcf_merge.merge.vcf.gz",
                "bcftools/merge/toindex_gvcf_merge.merge.vcf.gz.tbi",
                "bcftools/merge/versions.yml",
                "bcftools/reheader",
                "bcftools/reheader/callerA.reheader.vcf.gz",
                "bcftools/reheader/callerA.reheader.vcf.gz.tbi",
                "bcftools/reheader/callerB.reheader.vcf.gz",
                "bcftools/reheader/callerB.reheader.vcf.gz.tbi",
                "bcftools/reheader/concat.reheader.vcf.gz",
                "bcftools/reheader/concat.reheader.vcf.gz.tbi",
                "bcftools/reheader/empty.reheader.vcf.gz",
                "bcftools/reheader/empty.reheader.vcf.gz.tbi",
                "bcftools/reheader/merge.reheader.vcf.gz",
                "bcftools/reheader/merge.reheader.vcf.gz.tbi",
                "bcftools/reheader/versions.yml",
                "gatk4",
                "gatk4/test.vcf.gz",
                "gatk4/test.vcf.gz.tbi",
                "gatk4/test2.vcf.gz",
                "gatk4/test2.vcf.gz.tbi",
                "multiqc",
                "multiqc/multiqc_data",
                "multiqc/multiqc_plots",
                "multiqc/multiqc_report.html",
                "pipeline_info",
                "pipeline_info/vcftomat_software_mqc_versions.yml",
                "tabix",
                "tabix/NA12878.chr22.1X.vcf.gz.csi",
                "tabix/NA12878.chr22.1X.vcf.gz.tbi",
                "tabix/NA12878_GIAB.chr22.vcf.gz.csi",
                "tabix/NA12878_GIAB.chr22.vcf.gz.tbi",
                "tabix/NA24385_sv.vcf.gz.csi",
                "tabix/NA24385_sv.vcf.gz.tbi",
                "tabix/test.genome.g.vcf.gz.csi",
                "tabix/test.genome.g.vcf.gz.tbi",
                "tabix/test2.genome.vcf.gz.csi",
                "tabix/test2.genome.vcf.gz.tbi",
                "vcf2mat",
                "vcf2mat/empty.csv",
                "vcf2mat/indexed_merge.csv",
                "vcf2mat/toindex_concat_merge.csv",
                "vcf2mat/toindex_gvcf_merge.csv"
            ],
            [
                "versions.yml:md5,8e4cc1068ff64a583811f3e3bd8a4771",
                "versions.yml:md5,0567f354f7d4ddac23b392f94e760ea2",
                "versions.yml:md5,c030f20e1b02bd49b0a4ec369f5b4429",
                "empty.csv:md5,d41d8cd98f00b204e9800998ecf8427e",
                "indexed_merge.csv:md5,d41d8cd98f00b204e9800998ecf8427e",
                "toindex_gvcf_merge.csv:md5,d41d8cd98f00b204e9800998ecf8427e"
            ],
            [
                "concat.concat.vcf.gz:md5,68b329da9893e34099c7d8ad5cb9c940",
                "indexed_merge.merge.vcf.gz:md5,68b329da9893e34099c7d8ad5cb9c940",
                "toindex_concat_merge.merge.vcf.gz:md5,68b329da9893e34099c7d8ad5cb9c940",
                "toindex_gvcf_merge.merge.vcf.gz:md5,68b329da9893e34099c7d8ad5cb9c940",
                "callerA.reheader.vcf.gz:md5,68b329da9893e34099c7d8ad5cb9c940",
                "callerB.reheader.vcf.gz:md5,68b329da9893e34099c7d8ad5cb9c940",
                "concat.reheader.vcf.gz:md5,68b329da9893e34099c7d8ad5cb9c940",
                "empty.reheader.vcf.gz:md5,68b329da9893e34099c7d8ad5cb9c940",
                "merge.reheader.vcf.gz:md5,68b329da9893e34099c7d8ad5cb9c940",
                "test.vcf.gz:md5,68b329da9893e34099c7d8ad5cb9c940",
                "test2.vcf.gz:md5,68b329da9893e34099c7d8ad5cb9c940"
            ]
        ],
        "meta": {
            "nf-test": "0.9.2",
            "nextflow": "24.10.2"
        },
        "timestamp": "2024-12-20T12:12:11.055567"
    }
}