{
    "Params: default | input full-size": {
        "content": [
            23,
            {
                "BCFTOOLS_CONCAT": {
                    "bcftools": 1.2
                },
                "BCFTOOLS_MERGE": {
                    "bcftools": 1.2
                },
                "BCFTOOLS_REHEADER": {
                    "bcftools": 1.2
                },
                "GATK4_GENOTYPEGVCFS": {
                    "gatk4": "4.6.1.0"
                },
                "TABIX_TABIX": {
                    "tabix": 1.2
                },
                "VCF2MAT": {
                    "vcf2counts.R": "1.0.0"
                },
                "Workflow": {
                    "qbic-pipelines/vcftomat": "v1.1.0dev"
                }
            },
            [
                "bcftools",
                "bcftools/concat",
                "bcftools/concat/concat.concat.vcf.gz",
                "bcftools/concat/concat.concat.vcf.gz.tbi",
                "bcftools/concat/versions.yml",
                "bcftools/merge",
                "bcftools/merge/indexed_merge.merge.vcf.gz",
                "bcftools/merge/indexed_merge.merge.vcf.gz.tbi",
                "bcftools/merge/toindex_concat_merge.merge.vcf.gz",
                "bcftools/merge/toindex_concat_merge.merge.vcf.gz.tbi",
                "bcftools/merge/toindex_gvcf_merge.merge.vcf.gz",
                "bcftools/merge/toindex_gvcf_merge.merge.vcf.gz.tbi",
                "bcftools/merge/versions.yml",
                "bcftools/reheader",
                "bcftools/reheader/callerA.reheader.vcf.gz",
                "bcftools/reheader/callerA.reheader.vcf.gz.tbi",
                "bcftools/reheader/callerB.reheader.vcf.gz",
                "bcftools/reheader/callerB.reheader.vcf.gz.tbi",
                "bcftools/reheader/concat.reheader.vcf.gz",
                "bcftools/reheader/concat.reheader.vcf.gz.tbi",
                "bcftools/reheader/empty.reheader.vcf.gz",
                "bcftools/reheader/empty.reheader.vcf.gz.tbi",
                "bcftools/reheader/merge.reheader.vcf.gz",
                "bcftools/reheader/merge.reheader.vcf.gz.tbi",
                "bcftools/reheader/versions.yml",
                "gatk4",
                "gatk4/test.vcf.gz",
                "gatk4/test.vcf.gz.tbi",
                "gatk4/test2.vcf.gz",
                "gatk4/test2.vcf.gz.tbi",
                "multiqc",
                "multiqc/multiqc_data",
                "multiqc/multiqc_data/multiqc.log",
                "multiqc/multiqc_data/multiqc_citations.txt",
                "multiqc/multiqc_data/multiqc_data.json",
                "multiqc/multiqc_data/multiqc_software_versions.txt",
                "multiqc/multiqc_data/multiqc_sources.txt",
                "multiqc/multiqc_report.html",
                "pipeline_info",
                "pipeline_info/vcftomat_software_mqc_versions.yml",
                "tabix",
                "tabix/NA12878.chr22.1X.vcf.gz.tbi",
                "tabix/NA12878_GIAB.chr22.vcf.gz.tbi",
                "tabix/NA24385_sv.vcf.gz.tbi",
                "tabix/test.genome.g.vcf.gz.tbi",
                "tabix/test2.genome.vcf.gz.tbi",
                "vcf2mat",
                "vcf2mat/empty.csv",
                "vcf2mat/indexed_merge.csv",
                "vcf2mat/toindex_concat_merge.csv",
                "vcf2mat/toindex_gvcf_merge.csv"
            ],
            [
                "concat.concat.vcf.gz:md5,f39750739ed99d3e8fff2f4c1cb7d77a",
                "concat.concat.vcf.gz.tbi:md5,f83ba9c2d5c851ebab8090a73b9d78d8",
                "versions.yml:md5,8e4cc1068ff64a583811f3e3bd8a4771",
                "indexed_merge.merge.vcf.gz:md5,bbbac2dd52b8996b80031884e45d736f",
                "indexed_merge.merge.vcf.gz.tbi:md5,72a4e47f7bd9e904127574497ec4adb8",
                "toindex_concat_merge.merge.vcf.gz:md5,439d418cbd1f20b97b82db2a3ababa4b",
                "toindex_concat_merge.merge.vcf.gz.tbi:md5,9f96912cb080dfaee4a05a20591db763",
                "toindex_gvcf_merge.merge.vcf.gz:md5,49a3dfd0e00ff984d354b684fd0cf249",
                "toindex_gvcf_merge.merge.vcf.gz.tbi:md5,9a331bbbad9f0b3e5034674bd3c25e3c",
                "versions.yml:md5,0567f354f7d4ddac23b392f94e760ea2",
                "callerA.reheader.vcf.gz:md5,d56c48447595747d3adbc9392125e6a3",
                "callerA.reheader.vcf.gz.tbi:md5,feafc721f8fddc0f9ff1ed6d8ed4009e",
                "callerB.reheader.vcf.gz:md5,8ef1e4175e2d8376957112ec2b7bea1e",
                "callerB.reheader.vcf.gz.tbi:md5,9676e753f9d6d28dfe882b5a933d17e6",
                "concat.reheader.vcf.gz:md5,9202b77ad47400a3dac3c6d7b58cccbf",
                "concat.reheader.vcf.gz.tbi:md5,953fbe339faf7364d376fd47d810f6c7",
                "empty.reheader.vcf.gz:md5,5590b976810eadeb022b1272c44e7152",
                "empty.reheader.vcf.gz.tbi:md5,e7180bb953d2bd657c420a5f76a7164d",
                "merge.reheader.vcf.gz:md5,5a054dd09f1134b5b6ca6714f9c0d39e",
                "merge.reheader.vcf.gz.tbi:md5,6e03ae4e3b6cfb092faed93a2fa38de3",
                "versions.yml:md5,c030f20e1b02bd49b0a4ec369f5b4429",
                "test.vcf.gz:md5,139c75b354fdcbaca10606c99c67cc6a",
                "test.vcf.gz.tbi:md5,02de86f613bbc3fc03a107cafd192ab6",
                "test2.vcf.gz:md5,9277b13ded9c1e2a579f0b7c72e025de",
                "test2.vcf.gz.tbi:md5,c1ce758ac25c587a911fb76d4c516e2c",
                "multiqc.log:md5,bfa91b3021afd74ec39a9fd316570c42",
                "multiqc_citations.txt:md5,4c806e63a283ec1b7e78cdae3a923d4f",
                "multiqc_data.json:md5,e00e68fd6ec4a86fef4ebf8995659b6a",
                "multiqc_software_versions.txt:md5,621f94c20251c24cf4569d5c5a6a6e18",
                "multiqc_sources.txt:md5,d2a044df39ce3c6abe5cdc2d67473490",
                "multiqc_report.html:md5,ad6d798074c2a81ffd60366dc5ef6599",
                "params_2024-12-19_15-36-46.json:md5,17b8085ecdbdc06063a3c1380101203c",
                "vcftomat_software_mqc_versions.yml:md5,51047f681ed4f7798bcee140b2e0cf5e",
                "NA12878.chr22.1X.vcf.gz.tbi:md5,3ca6e94f86c548be87dd5fcc391a2525",
                "NA12878_GIAB.chr22.vcf.gz.tbi:md5,ae2afcfa00ce3321aa7faeb158ac5cb5",
                "NA24385_sv.vcf.gz.tbi:md5,7848669b7da31c6a5f680c0b4f4857d2",
                "test.genome.g.vcf.gz.tbi:md5,e7611a7f7d2eb07d5adeb4d4569578ab",
                "test2.genome.vcf.gz.tbi:md5,6fe54f8e8d38cbbc0046f4427b21e11a",
                "empty.csv:md5,1bd32757621943a049881f0f99e4a2c4",
                "indexed_merge.csv:md5,b59aae2be818fd1ddc1fb3b9e8e8e89b",
                "toindex_concat_merge.csv:md5,721ba13c7b6249ba95a9371b93841cd0",
                "toindex_gvcf_merge.csv:md5,bb0cc37d7f55f611a8d0f11c4d80dece"
            ]
        ],
        "meta": {
            "nf-test": "0.9.2",
            "nextflow": "24.10.2"
        },
        "timestamp": "2024-12-19T15:38:00.818384"
    },
    "Params: default | input full-size - stub": {
        "content": [
            23,
            {
                "BCFTOOLS_CONCAT": {
                    "bcftools": 1.2
                },
                "BCFTOOLS_MERGE": {
                    "bcftools": 1.2
                },
                "BCFTOOLS_REHEADER": {
                    "bcftools": 1.2
                },
                "GATK4_GENOTYPEGVCFS": {
                    "gatk4": "4.6.1.0"
                },
                "TABIX_TABIX": {
                    "tabix": 1.2
                },
                "VCF2MAT": {
                    "vcf2counts.R": "1.0.0"
                },
                "Workflow": {
                    "qbic-pipelines/vcftomat": "v1.1.0dev"
                }
            },
            [
                "bcftools",
                "bcftools/concat",
                "bcftools/concat/concat.concat.vcf.gz",
                "bcftools/concat/concat.concat.vcf.gz.tbi",
                "bcftools/concat/versions.yml",
                "bcftools/merge",
                "bcftools/merge/indexed_merge.merge.vcf.gz",
                "bcftools/merge/indexed_merge.merge.vcf.gz.tbi",
                "bcftools/merge/toindex_concat_merge.merge.vcf.gz",
                "bcftools/merge/toindex_concat_merge.merge.vcf.gz.tbi",
                "bcftools/merge/toindex_gvcf_merge.merge.vcf.gz",
                "bcftools/merge/toindex_gvcf_merge.merge.vcf.gz.tbi",
                "bcftools/merge/versions.yml",
                "bcftools/reheader",
                "bcftools/reheader/callerA.reheader.vcf.gz",
                "bcftools/reheader/callerA.reheader.vcf.gz.tbi",
                "bcftools/reheader/callerB.reheader.vcf.gz",
                "bcftools/reheader/callerB.reheader.vcf.gz.tbi",
                "bcftools/reheader/concat.reheader.vcf.gz",
                "bcftools/reheader/concat.reheader.vcf.gz.tbi",
                "bcftools/reheader/empty.reheader.vcf.gz",
                "bcftools/reheader/empty.reheader.vcf.gz.tbi",
                "bcftools/reheader/merge.reheader.vcf.gz",
                "bcftools/reheader/merge.reheader.vcf.gz.tbi",
                "bcftools/reheader/versions.yml",
                "gatk4",
                "gatk4/test.vcf.gz",
                "gatk4/test.vcf.gz.tbi",
                "gatk4/test2.vcf.gz",
                "gatk4/test2.vcf.gz.tbi",
                "multiqc",
                "multiqc/multiqc_data",
                "multiqc/multiqc_plots",
                "multiqc/multiqc_report.html",
                "pipeline_info",
                "pipeline_info/vcftomat_software_mqc_versions.yml",
                "tabix",
                "tabix/NA12878.chr22.1X.vcf.gz.csi",
                "tabix/NA12878.chr22.1X.vcf.gz.tbi",
                "tabix/NA12878_GIAB.chr22.vcf.gz.csi",
                "tabix/NA12878_GIAB.chr22.vcf.gz.tbi",
                "tabix/NA24385_sv.vcf.gz.csi",
                "tabix/NA24385_sv.vcf.gz.tbi",
                "tabix/test.genome.g.vcf.gz.csi",
                "tabix/test.genome.g.vcf.gz.tbi",
                "tabix/test2.genome.vcf.gz.csi",
                "tabix/test2.genome.vcf.gz.tbi",
                "vcf2mat",
                "vcf2mat/empty.csv",
                "vcf2mat/indexed_merge.csv",
                "vcf2mat/toindex_concat_merge.csv",
                "vcf2mat/toindex_gvcf_merge.csv"
            ],
            [
                "concat.concat.vcf.gz:md5,68b329da9893e34099c7d8ad5cb9c940",
                "concat.concat.vcf.gz.tbi:md5,d41d8cd98f00b204e9800998ecf8427e",
                "versions.yml:md5,8e4cc1068ff64a583811f3e3bd8a4771",
                "indexed_merge.merge.vcf.gz:md5,68b329da9893e34099c7d8ad5cb9c940",
                "indexed_merge.merge.vcf.gz.tbi:md5,d41d8cd98f00b204e9800998ecf8427e",
                "toindex_concat_merge.merge.vcf.gz:md5,68b329da9893e34099c7d8ad5cb9c940",
                "toindex_concat_merge.merge.vcf.gz.tbi:md5,d41d8cd98f00b204e9800998ecf8427e",
                "toindex_gvcf_merge.merge.vcf.gz:md5,68b329da9893e34099c7d8ad5cb9c940",
                "toindex_gvcf_merge.merge.vcf.gz.tbi:md5,d41d8cd98f00b204e9800998ecf8427e",
                "versions.yml:md5,0567f354f7d4ddac23b392f94e760ea2",
                "callerA.reheader.vcf.gz:md5,68b329da9893e34099c7d8ad5cb9c940",
                "callerA.reheader.vcf.gz.tbi:md5,d41d8cd98f00b204e9800998ecf8427e",
                "callerB.reheader.vcf.gz:md5,68b329da9893e34099c7d8ad5cb9c940",
                "callerB.reheader.vcf.gz.tbi:md5,d41d8cd98f00b204e9800998ecf8427e",
                "concat.reheader.vcf.gz:md5,68b329da9893e34099c7d8ad5cb9c940",
                "concat.reheader.vcf.gz.tbi:md5,d41d8cd98f00b204e9800998ecf8427e",
                "empty.reheader.vcf.gz:md5,68b329da9893e34099c7d8ad5cb9c940",
                "empty.reheader.vcf.gz.tbi:md5,d41d8cd98f00b204e9800998ecf8427e",
                "merge.reheader.vcf.gz:md5,68b329da9893e34099c7d8ad5cb9c940",
                "merge.reheader.vcf.gz.tbi:md5,d41d8cd98f00b204e9800998ecf8427e",
                "versions.yml:md5,c030f20e1b02bd49b0a4ec369f5b4429",
                "test.vcf.gz:md5,68b329da9893e34099c7d8ad5cb9c940",
                "test.vcf.gz.tbi:md5,d41d8cd98f00b204e9800998ecf8427e",
                "test2.vcf.gz:md5,68b329da9893e34099c7d8ad5cb9c940",
                "test2.vcf.gz.tbi:md5,d41d8cd98f00b204e9800998ecf8427e",
                "multiqc_report.html:md5,d41d8cd98f00b204e9800998ecf8427e",
                "params_2024-12-19_15-38-05.json:md5,fba439ba0ced9df59e2063199ae5d1e7",
                "vcftomat_software_mqc_versions.yml:md5,51047f681ed4f7798bcee140b2e0cf5e",
                "NA12878.chr22.1X.vcf.gz.csi:md5,d41d8cd98f00b204e9800998ecf8427e",
                "NA12878.chr22.1X.vcf.gz.tbi:md5,d41d8cd98f00b204e9800998ecf8427e",
                "NA12878_GIAB.chr22.vcf.gz.csi:md5,d41d8cd98f00b204e9800998ecf8427e",
                "NA12878_GIAB.chr22.vcf.gz.tbi:md5,d41d8cd98f00b204e9800998ecf8427e",
                "NA24385_sv.vcf.gz.csi:md5,d41d8cd98f00b204e9800998ecf8427e",
                "NA24385_sv.vcf.gz.tbi:md5,d41d8cd98f00b204e9800998ecf8427e",
                "test.genome.g.vcf.gz.csi:md5,d41d8cd98f00b204e9800998ecf8427e",
                "test.genome.g.vcf.gz.tbi:md5,d41d8cd98f00b204e9800998ecf8427e",
                "test2.genome.vcf.gz.csi:md5,d41d8cd98f00b204e9800998ecf8427e",
                "test2.genome.vcf.gz.tbi:md5,d41d8cd98f00b204e9800998ecf8427e",
                "empty.csv:md5,d41d8cd98f00b204e9800998ecf8427e",
                "indexed_merge.csv:md5,d41d8cd98f00b204e9800998ecf8427e",
                "toindex_concat_merge.csv:md5,d41d8cd98f00b204e9800998ecf8427e",
                "toindex_gvcf_merge.csv:md5,d41d8cd98f00b204e9800998ecf8427e"
            ]
        ],
        "meta": {
            "nf-test": "0.9.2",
            "nextflow": "24.10.2"
        },
        "timestamp": "2024-12-19T15:38:47.759327"
    }
}